
// ==========================================================================
//  GPPG error listing for yacc source file <typ.y - 30/10/2017 10:53:49>
// ==========================================================================
//  Version:  1.5.2
//  Machine:  DESKTOP-JOHN
//  DateTime: 30/10/2017 10:53:50
//  UserName: jncro
// ==========================================================================


%namespace typroject

%visibility internal
%start expression
%partial

%token	EQUALS COLON MUL LPAREN RPAREN AMP PLUS MINUS DOLLARS COMMA NEWLINE FUNC ASSIGN NOT NOTEQUAL LEQUAL GEQUAL LBRACE RBRACE AT PERCENT
%token	LBRACK RBRACK DOT LT GT LSHIFT RSHIFT SEMICOLON LOR LAND OR AND APPEND ASSIGNIF
%token	IF ELSE INCLUDE RULEFOR INPUTS DEPENDS ALWAYS SHELLCMD TYPROJECT SOURCES MKDIR FUNCTION RETURN EXPORT
%token	INTEGER STRING VOID ARRAY OBJECT FUNCREF ANY NULL
%token	FOR FOREACH IN WHILE DO

%left	DOT
	
%union {
		public int intval;
		public string strval;
		public Expression exprval;
		public List<Expression> listval;
	}
	
%token <intval>	INT
%token <strval> STRING LABEL
%type <exprval> expression expr expr2 expr3 expr6 expr7 expr10 expr11 propexpr
%type <listval> arglist

%%

expression :		expr							{ $$ = $1; val = $1; }
			;

expr		:	expr2							{ $$ = $1; }
			;

expr2		:	expr3 LOR expr2					{ $$ = new Expression { a = $1, b = $3, op = Tokens.LOR }; }
			|	expr3							{ $$ = $1; }
			;

expr3		:	expr6 LAND expr3				{ $$ = new Expression { a = $1, b = $3, op = Tokens.LAND }; }
			|	expr6							{ $$ = $1; }
			;

expr6		:	expr7 EQUALS expr6				{ $$ = new Expression { a = $1, b = $3, op = Tokens.EQUALS }; }
			|	expr7 NOTEQUAL expr6	{ $$ = new Expression { a = $1, b = $3, op = Tokens.NOTEQUAL }; }
			|	expr7							{ $$ = $1; }
			;

expr7		:	expr10 LT expr7					{ $$ = new Expression { a = $1, b = $3, op = Tokens.LT }; }
			|	expr10 GT expr7					{ $$ = new Expression { a = $1, b = $3, op = Tokens.GT }; }
			|	expr10 LEQUAL expr7				{ $$ = new Expression { a = $1, b = $3, op = Tokens.LEQUAL }; }
			|	expr10 GEQUAL expr7				{ $$ = new Expression { a = $1, b = $3, op = Tokens.GEQUAL }; }
			|	expr10							{ $$ = $1; }
			;

expr10		:	NOT expr10						{ $$ = new Expression { a = $2, b = null, op = Tokens.NOT }; }
			|	expr11							{ $$ = $1; }
			;

expr11		:	STRING							{ $$ = new StringExpression { val = $1 }; }
			|	INT								{ $$ = new IntExpression { val = $1 }; }
			|	LPAREN expr RPAREN				{ $$ = $2; }
			|	DOLLARS LPAREN propexpr RPAREN	{ $$ = new PropertyExpression { val = $3 }; }
			|	AT LPAREN LABEL RPAREN			{ $$ = new ListExpression { val = $3 }; }
			|	PERCENT LPAREN LABEL RPAREN		{ $$ = new MetadataExpression { val = $3 }; }
			;

propexpr		:	LABEL							{ $$ = new LabelExpression { val = $1 }; }
			|	LABEL LPAREN arglist RPAREN		{ $$ = new LabelExpression { val = $1, arglist = $3 }; }
			|	prop-expr DOT propexpr			{ $$ = new LabelExpression { val = $3, srcval = $1 }; }
//------^^
// Error: This character is invalid in this context
// ------------------------------------------------
			;

arglist		:	expr								{ $$ = new List<Expression> { $1 }; }
			|	arglist COMMA expr				{ $$ = new List<Expression>($1); $$.Add($3); }
			|									{ $$ = new List<Expression>(); }
			;

%%

// ==========================================================================

